2026-07-25 19:59:28,892 - src.pipeline - INFO - 

2026-07-25 19:59:28,892 - src.pipeline - INFO - 🚀🚀🚀🚀🚀🚀🚀🚀🚀🚀🚀🚀🚀🚀🚀🚀🚀🚀🚀🚀🚀🚀🚀🚀🚀
2026-07-25 19:59:28,892 - src.pipeline - INFO - STARTING TITANIC ML PIPELINE
2026-07-25 19:59:28,892 - src.pipeline - INFO - 🚀🚀🚀🚀🚀🚀🚀🚀🚀🚀🚀🚀🚀🚀🚀🚀🚀🚀🚀🚀🚀🚀🚀🚀🚀
2026-07-25 19:59:28,892 - src.pipeline - INFO - 

2026-07-25 19:59:28,892 - src.pipeline - INFO - Stage 1: Data Download
2026-07-25 19:59:28,892 - src.pipeline - INFO - --------------------------------------------------
2026-07-25 19:59:28,892 - src.data_pipeline - INFO - Downloading titanic competition data...
2026-07-25 19:59:35,733 - src.data_pipeline - INFO - ✅ Download complete at: /home/angel/.cache/kagglehub/competitions/titanic
2026-07-25 19:59:35,734 - src.pipeline - INFO - 
Stage 2: Data Loading & Validation
2026-07-25 19:59:35,734 - src.pipeline - INFO - --------------------------------------------------
2026-07-25 19:59:35,734 - src.pipeline - ERROR - Pipeline failed with error: Train file not found: /home/angel/Documents/personal/proyectos/github/proyecto-1/data/raw/train.csv
Traceback (most recent call last):
  File "/home/angel/Documents/personal/proyectos/github/proyecto-1/src/pipeline.py", line 68, in run_full_pipeline
    self.train_df, self.test_df = DataPipeline.load_raw_data()
                                  ^^^^^^^^^^^^^^^^^^^^^^^^^^^^
  File "/home/angel/Documents/personal/proyectos/github/proyecto-1/src/data_pipeline.py", line 55, in load_raw_data
    raise FileNotFoundError(f"Train file not found: {PipelineConfig.TRAIN_FILE}")
FileNotFoundError: Train file not found: /home/angel/Documents/personal/proyectos/github/proyecto-1/data/raw/train.csv
2026-07-25 20:02:34,173 - src.pipeline - INFO - 

2026-07-25 20:02:34,173 - src.pipeline - INFO - 🚀🚀🚀🚀🚀🚀🚀🚀🚀🚀🚀🚀🚀🚀🚀🚀🚀🚀🚀🚀🚀🚀🚀🚀🚀
2026-07-25 20:02:34,173 - src.pipeline - INFO - STARTING TITANIC ML PIPELINE
2026-07-25 20:02:34,174 - src.pipeline - INFO - 🚀🚀🚀🚀🚀🚀🚀🚀🚀🚀🚀🚀🚀🚀🚀🚀🚀🚀🚀🚀🚀🚀🚀🚀🚀
2026-07-25 20:02:34,174 - src.pipeline - INFO - 

2026-07-25 20:02:34,174 - src.pipeline - INFO - Stage 1: Data Download
2026-07-25 20:02:34,174 - src.pipeline - INFO - --------------------------------------------------
2026-07-25 20:02:34,174 - src.data_pipeline - INFO - Downloading titanic competition data...
2026-07-25 20:02:35,245 - src.data_pipeline - INFO - ✅ Download complete at: /home/angel/.cache/kagglehub/competitions/titanic
2026-07-25 20:02:35,247 - src.data_pipeline - INFO - Copied gender_submission.csv to /home/angel/Documents/personal/proyectos/github/proyecto-1/data/raw
2026-07-25 20:02:35,247 - src.data_pipeline - INFO - Copied test.csv to /home/angel/Documents/personal/proyectos/github/proyecto-1/data/raw
2026-07-25 20:02:35,248 - src.data_pipeline - INFO - Copied train.csv to /home/angel/Documents/personal/proyectos/github/proyecto-1/data/raw
2026-07-25 20:02:35,248 - src.pipeline - INFO - 
Stage 2: Data Loading & Validation
2026-07-25 20:02:35,248 - src.pipeline - INFO - --------------------------------------------------
2026-07-25 20:02:35,248 - src.data_pipeline - INFO - Loading raw data...
2026-07-25 20:02:35,270 - src.data_pipeline - INFO - Train shape: (891, 12)
2026-07-25 20:02:35,270 - src.data_pipeline - INFO - Test shape: (418, 11)
2026-07-25 20:02:35,270 - src.data_pipeline - INFO - Validating data...
2026-07-25 20:02:35,283 - src.data_pipeline - INFO - ✅ Data validation passed
2026-07-25 20:02:35,283 - src.pipeline - INFO - 
Stage 3: Data Preprocessing
2026-07-25 20:02:35,284 - src.pipeline - INFO - --------------------------------------------------
2026-07-25 20:02:35,284 - src.preprocessing_pipeline - INFO - ==================================================
2026-07-25 20:02:35,284 - src.preprocessing_pipeline - INFO - Starting Preprocessing Pipeline
2026-07-25 20:02:35,284 - src.preprocessing_pipeline - INFO - ==================================================
2026-07-25 20:02:35,284 - src.preprocessing_pipeline - INFO - Handling missing values...
2026-07-25 20:02:35,284 - src.preprocessing_pipeline - INFO - Missing values:
shape: (1, 12)
┌─────────────┬──────────┬────────┬──────┬───┬────────┬──────┬───────┬──────────┐
│ PassengerId ┆ Survived ┆ Pclass ┆ Name ┆ … ┆ Ticket ┆ Fare ┆ Cabin ┆ Embarked │
│ ---         ┆ ---      ┆ ---    ┆ ---  ┆   ┆ ---    ┆ ---  ┆ ---   ┆ ---      │
│ u32         ┆ u32      ┆ u32    ┆ u32  ┆   ┆ u32    ┆ u32  ┆ u32   ┆ u32      │
╞═════════════╪══════════╪════════╪══════╪═══╪════════╪══════╪═══════╪══════════╡
│ 0           ┆ 0        ┆ 0      ┆ 0    ┆ … ┆ 0      ┆ 0    ┆ 687   ┆ 2        │
└─────────────┴──────────┴────────┴──────┴───┴────────┴──────┴───────┴──────────┘
2026-07-25 20:02:35,334 - src.pipeline - ERROR - Pipeline failed with error: must specify either a fill `value` or `strategy`
Traceback (most recent call last):
  File "/home/angel/Documents/personal/proyectos/github/proyecto-1/src/pipeline.py", line 77, in run_full_pipeline
    self.train_df, self.test_df = PreprocessingPipeline.run_preprocessing(
                                  ^^^^^^^^^^^^^^^^^^^^^^^^^^^^^^^^^^^^^^^^
  File "/home/angel/Documents/personal/proyectos/github/proyecto-1/src/preprocessing_pipeline.py", line 191, in run_preprocessing
    train_df = PreprocessingPipeline.handle_missing_values(train_df)
               ^^^^^^^^^^^^^^^^^^^^^^^^^^^^^^^^^^^^^^^^^^^^^^^^^^^^^
  File "/home/angel/Documents/personal/proyectos/github/proyecto-1/src/preprocessing_pipeline.py", line 50, in handle_missing_values
    df = df.with_columns(pl.col(col).fill_null(mode_val))
                         ^^^^^^^^^^^^^^^^^^^^^^^^^^^^^^^
  File "/home/angel/Documents/personal/proyectos/github/proyecto-1/.venv/lib/python3.11/site-packages/polars/expr/expr.py", line 3233, in fill_null
    raise ValueError(msg)
ValueError: must specify either a fill `value` or `strategy`
2026-07-25 20:02:50,912 - src.pipeline - INFO - 

2026-07-25 20:02:50,913 - src.pipeline - INFO - 🚀🚀🚀🚀🚀🚀🚀🚀🚀🚀🚀🚀🚀🚀🚀🚀🚀🚀🚀🚀🚀🚀🚀🚀🚀
2026-07-25 20:02:50,913 - src.pipeline - INFO - STARTING TITANIC ML PIPELINE
2026-07-25 20:02:50,913 - src.pipeline - INFO - 🚀🚀🚀🚀🚀🚀🚀🚀🚀🚀🚀🚀🚀🚀🚀🚀🚀🚀🚀🚀🚀🚀🚀🚀🚀
2026-07-25 20:02:50,913 - src.pipeline - INFO - 

2026-07-25 20:02:50,913 - src.pipeline - INFO - Stage 1: Data Download
2026-07-25 20:02:50,913 - src.pipeline - INFO - --------------------------------------------------
2026-07-25 20:02:50,913 - src.data_pipeline - INFO - Downloading titanic competition data...
2026-07-25 20:02:52,040 - src.data_pipeline - INFO - ✅ Download complete at: /home/angel/.cache/kagglehub/competitions/titanic
2026-07-25 20:02:52,043 - src.data_pipeline - INFO - Copied gender_submission.csv to /home/angel/Documents/personal/proyectos/github/proyecto-1/data/raw
2026-07-25 20:02:52,044 - src.data_pipeline - INFO - Copied test.csv to /home/angel/Documents/personal/proyectos/github/proyecto-1/data/raw
2026-07-25 20:02:52,046 - src.data_pipeline - INFO - Copied train.csv to /home/angel/Documents/personal/proyectos/github/proyecto-1/data/raw
2026-07-25 20:02:52,046 - src.pipeline - INFO - 
Stage 2: Data Loading & Validation
2026-07-25 20:02:52,046 - src.pipeline - INFO - --------------------------------------------------
2026-07-25 20:02:52,046 - src.data_pipeline - INFO - Loading raw data...
2026-07-25 20:02:52,050 - src.data_pipeline - INFO - Train shape: (891, 12)
2026-07-25 20:02:52,050 - src.data_pipeline - INFO - Test shape: (418, 11)
2026-07-25 20:02:52,050 - src.data_pipeline - INFO - Validating data...
2026-07-25 20:02:52,051 - src.data_pipeline - INFO - ✅ Data validation passed
2026-07-25 20:02:52,051 - src.pipeline - INFO - 
Stage 3: Data Preprocessing
2026-07-25 20:02:52,051 - src.pipeline - INFO - --------------------------------------------------
2026-07-25 20:02:52,051 - src.preprocessing_pipeline - INFO - ==================================================
2026-07-25 20:02:52,051 - src.preprocessing_pipeline - INFO - Starting Preprocessing Pipeline
2026-07-25 20:02:52,051 - src.preprocessing_pipeline - INFO - ==================================================
2026-07-25 20:02:52,051 - src.preprocessing_pipeline - INFO - Handling missing values...
2026-07-25 20:02:52,052 - src.preprocessing_pipeline - INFO - Missing values:
shape: (1, 12)
┌─────────────┬──────────┬────────┬──────┬───┬────────┬──────┬───────┬──────────┐
│ PassengerId ┆ Survived ┆ Pclass ┆ Name ┆ … ┆ Ticket ┆ Fare ┆ Cabin ┆ Embarked │
│ ---         ┆ ---      ┆ ---    ┆ ---  ┆   ┆ ---    ┆ ---  ┆ ---   ┆ ---      │
│ u32         ┆ u32      ┆ u32    ┆ u32  ┆   ┆ u32    ┆ u32  ┆ u32   ┆ u32      │
╞═════════════╪══════════╪════════╪══════╪═══╪════════╪══════╪═══════╪══════════╡
│ 0           ┆ 0        ┆ 0      ┆ 0    ┆ … ┆ 0      ┆ 0    ┆ 687   ┆ 2        │
└─────────────┴──────────┴────────┴──────┴───┴────────┴──────┴───────┴──────────┘
2026-07-25 20:02:52,060 - src.pipeline - ERROR - Pipeline failed with error: unable to find column "counts"; valid columns: ["Embarked", "count"]

Did you mean "count"?
Traceback (most recent call last):
  File "/home/angel/Documents/personal/proyectos/github/proyecto-1/src/pipeline.py", line 77, in run_full_pipeline
    self.train_df, self.test_df = PreprocessingPipeline.run_preprocessing(
                                  ^^^^^^^^^^^^^^^^^^^^^^^^^^^^^^^^^^^^^^^^
  File "/home/angel/Documents/personal/proyectos/github/proyecto-1/src/preprocessing_pipeline.py", line 201, in run_preprocessing
    train_df = PreprocessingPipeline.handle_missing_values(train_df)
               ^^^^^^^^^^^^^^^^^^^^^^^^^^^^^^^^^^^^^^^^^^^^^^^^^^^^^
  File "/home/angel/Documents/personal/proyectos/github/proyecto-1/src/preprocessing_pipeline.py", line 57, in handle_missing_values
    mode_df = df[col].value_counts().sort("counts", descending=True)
              ^^^^^^^^^^^^^^^^^^^^^^^^^^^^^^^^^^^^^^^^^^^^^^^^^^^^^^
  File "/home/angel/Documents/personal/proyectos/github/proyecto-1/.venv/lib/python3.11/site-packages/polars/dataframe/frame.py", line 6186, in sort
    .collect(optimizations=optimizations)
     ^^^^^^^^^^^^^^^^^^^^^^^^^^^^^^^^^^^^
  File "/home/angel/Documents/personal/proyectos/github/proyecto-1/.venv/lib/python3.11/site-packages/polars/_utils/deprecation.py", line 97, in wrapper
    return function(*args, **kwargs)
           ^^^^^^^^^^^^^^^^^^^^^^^^^
  File "/home/angel/Documents/personal/proyectos/github/proyecto-1/.venv/lib/python3.11/site-packages/polars/lazyframe/opt_flags.py", line 361, in wrapper
    return function(*args, **kwargs)
           ^^^^^^^^^^^^^^^^^^^^^^^^^
  File "/home/angel/Documents/personal/proyectos/github/proyecto-1/.venv/lib/python3.11/site-packages/polars/lazyframe/frame.py", line 2624, in collect
    return wrap_df(ldf.collect(engine, callback))
                   ^^^^^^^^^^^^^^^^^^^^^^^^^^^^^
polars.exceptions.ColumnNotFoundError: unable to find column "counts"; valid columns: ["Embarked", "count"]

Did you mean "count"?
2026-07-25 20:03:40,847 - src.pipeline - INFO - 

2026-07-25 20:03:40,847 - src.pipeline - INFO - 🚀🚀🚀🚀🚀🚀🚀🚀🚀🚀🚀🚀🚀🚀🚀🚀🚀🚀🚀🚀🚀🚀🚀🚀🚀
2026-07-25 20:03:40,847 - src.pipeline - INFO - STARTING TITANIC ML PIPELINE
2026-07-25 20:03:40,847 - src.pipeline - INFO - 🚀🚀🚀🚀🚀🚀🚀🚀🚀🚀🚀🚀🚀🚀🚀🚀🚀🚀🚀🚀🚀🚀🚀🚀🚀
2026-07-25 20:03:40,847 - src.pipeline - INFO - 

2026-07-25 20:03:40,848 - src.pipeline - INFO - Stage 1: Data Download
2026-07-25 20:03:40,848 - src.pipeline - INFO - --------------------------------------------------
2026-07-25 20:03:40,848 - src.data_pipeline - INFO - Downloading titanic competition data...
2026-07-25 20:03:41,832 - src.data_pipeline - INFO - ✅ Download complete at: /home/angel/.cache/kagglehub/competitions/titanic
2026-07-25 20:03:41,833 - src.data_pipeline - INFO - Copied gender_submission.csv to /home/angel/Documents/personal/proyectos/github/proyecto-1/data/raw
2026-07-25 20:03:41,833 - src.data_pipeline - INFO - Copied test.csv to /home/angel/Documents/personal/proyectos/github/proyecto-1/data/raw
2026-07-25 20:03:41,833 - src.data_pipeline - INFO - Copied train.csv to /home/angel/Documents/personal/proyectos/github/proyecto-1/data/raw
2026-07-25 20:03:41,834 - src.pipeline - INFO - 
Stage 2: Data Loading & Validation
2026-07-25 20:03:41,834 - src.pipeline - INFO - --------------------------------------------------
2026-07-25 20:03:41,834 - src.data_pipeline - INFO - Loading raw data...
2026-07-25 20:03:41,838 - src.data_pipeline - INFO - Train shape: (891, 12)
2026-07-25 20:03:41,838 - src.data_pipeline - INFO - Test shape: (418, 11)
2026-07-25 20:03:41,838 - src.data_pipeline - INFO - Validating data...
2026-07-25 20:03:41,839 - src.data_pipeline - INFO - ✅ Data validation passed
2026-07-25 20:03:41,839 - src.pipeline - INFO - 
Stage 3: Data Preprocessing
2026-07-25 20:03:41,839 - src.pipeline - INFO - --------------------------------------------------
2026-07-25 20:03:41,839 - src.preprocessing_pipeline - INFO - ==================================================
2026-07-25 20:03:41,839 - src.preprocessing_pipeline - INFO - Starting Preprocessing Pipeline
2026-07-25 20:03:41,839 - src.preprocessing_pipeline - INFO - ==================================================
2026-07-25 20:03:41,840 - src.preprocessing_pipeline - INFO - Handling missing values...
2026-07-25 20:03:41,840 - src.preprocessing_pipeline - INFO - Missing values:
shape: (1, 12)
┌─────────────┬──────────┬────────┬──────┬───┬────────┬──────┬───────┬──────────┐
│ PassengerId ┆ Survived ┆ Pclass ┆ Name ┆ … ┆ Ticket ┆ Fare ┆ Cabin ┆ Embarked │
│ ---         ┆ ---      ┆ ---    ┆ ---  ┆   ┆ ---    ┆ ---  ┆ ---   ┆ ---      │
│ u32         ┆ u32      ┆ u32    ┆ u32  ┆   ┆ u32    ┆ u32  ┆ u32   ┆ u32      │
╞═════════════╪══════════╪════════╪══════╪═══╪════════╪══════╪═══════╪══════════╡
│ 0           ┆ 0        ┆ 0      ┆ 0    ┆ … ┆ 0      ┆ 0    ┆ 687   ┆ 2        │
└─────────────┴──────────┴────────┴──────┴───┴────────┴──────┴───────┴──────────┘
2026-07-25 20:03:41,850 - src.preprocessing_pipeline - INFO - ✅ Missing values handled
2026-07-25 20:03:41,850 - src.preprocessing_pipeline - INFO - Handling missing values...
2026-07-25 20:03:41,850 - src.preprocessing_pipeline - INFO - Missing values:
shape: (1, 11)
┌─────────────┬────────┬──────┬─────┬───┬────────┬──────┬───────┬──────────┐
│ PassengerId ┆ Pclass ┆ Name ┆ Sex ┆ … ┆ Ticket ┆ Fare ┆ Cabin ┆ Embarked │
│ ---         ┆ ---    ┆ ---  ┆ --- ┆   ┆ ---    ┆ ---  ┆ ---   ┆ ---      │
│ u32         ┆ u32    ┆ u32  ┆ u32 ┆   ┆ u32    ┆ u32  ┆ u32   ┆ u32      │
╞═════════════╪════════╪══════╪═════╪═══╪════════╪══════╪═══════╪══════════╡
│ 0           ┆ 0      ┆ 0    ┆ 0   ┆ … ┆ 0      ┆ 1    ┆ 327   ┆ 0        │
└─────────────┴────────┴──────┴─────┴───┴────────┴──────┴───────┴──────────┘
2026-07-25 20:03:41,851 - src.preprocessing_pipeline - INFO - ✅ Missing values handled
2026-07-25 20:03:41,862 - src.preprocessing_pipeline - INFO - Encoding categorical features...
2026-07-25 20:03:41,867 - src.pipeline - ERROR - Pipeline failed with error: "Cabin" not found
Traceback (most recent call last):
  File "/home/angel/Documents/personal/proyectos/github/proyecto-1/src/pipeline.py", line 77, in run_full_pipeline
    self.train_df, self.test_df = PreprocessingPipeline.run_preprocessing(
                                  ^^^^^^^^^^^^^^^^^^^^^^^^^^^^^^^^^^^^^^^^
  File "/home/angel/Documents/personal/proyectos/github/proyecto-1/src/preprocessing_pipeline.py", line 210, in run_preprocessing
    train_df, test_df = PreprocessingPipeline.encode_categorical(train_df, test_df)
                        ^^^^^^^^^^^^^^^^^^^^^^^^^^^^^^^^^^^^^^^^^^^^^^^^^^^^^^^^^^^
  File "/home/angel/Documents/personal/proyectos/github/proyecto-1/src/preprocessing_pipeline.py", line 122, in encode_categorical
    df = df.drop(PipelineConfig.CATEGORICAL_FEATURES)
         ^^^^^^^^^^^^^^^^^^^^^^^^^^^^^^^^^^^^^^^^^^^^
  File "/home/angel/Documents/personal/proyectos/github/proyecto-1/.venv/lib/python3.11/site-packages/polars/dataframe/frame.py", line 9027, in drop
    .collect(optimizations=QueryOptFlags._eager())
     ^^^^^^^^^^^^^^^^^^^^^^^^^^^^^^^^^^^^^^^^^^^^^
  File "/home/angel/Documents/personal/proyectos/github/proyecto-1/.venv/lib/python3.11/site-packages/polars/_utils/deprecation.py", line 97, in wrapper
    return function(*args, **kwargs)
           ^^^^^^^^^^^^^^^^^^^^^^^^^
  File "/home/angel/Documents/personal/proyectos/github/proyecto-1/.venv/lib/python3.11/site-packages/polars/lazyframe/opt_flags.py", line 361, in wrapper
    return function(*args, **kwargs)
           ^^^^^^^^^^^^^^^^^^^^^^^^^
  File "/home/angel/Documents/personal/proyectos/github/proyecto-1/.venv/lib/python3.11/site-packages/polars/lazyframe/frame.py", line 2624, in collect
    return wrap_df(ldf.collect(engine, callback))
                   ^^^^^^^^^^^^^^^^^^^^^^^^^^^^^
polars.exceptions.ColumnNotFoundError: "Cabin" not found
2026-07-25 20:05:11,327 - src.pipeline - INFO - 

2026-07-25 20:05:11,328 - src.pipeline - INFO - 🚀🚀🚀🚀🚀🚀🚀🚀🚀🚀🚀🚀🚀🚀🚀🚀🚀🚀🚀🚀🚀🚀🚀🚀🚀
2026-07-25 20:05:11,328 - src.pipeline - INFO - STARTING TITANIC ML PIPELINE
2026-07-25 20:05:11,328 - src.pipeline - INFO - 🚀🚀🚀🚀🚀🚀🚀🚀🚀🚀🚀🚀🚀🚀🚀🚀🚀🚀🚀🚀🚀🚀🚀🚀🚀
2026-07-25 20:05:11,328 - src.pipeline - INFO - 

2026-07-25 20:05:11,328 - src.pipeline - INFO - Stage 1: Data Download
2026-07-25 20:05:11,328 - src.pipeline - INFO - --------------------------------------------------
2026-07-25 20:05:11,328 - src.data_pipeline - INFO - Downloading titanic competition data...
2026-07-25 20:05:12,266 - src.data_pipeline - INFO - ✅ Download complete at: /home/angel/.cache/kagglehub/competitions/titanic
2026-07-25 20:05:12,267 - src.data_pipeline - INFO - Copied gender_submission.csv to /home/angel/Documents/personal/proyectos/github/proyecto-1/data/raw
2026-07-25 20:05:12,267 - src.data_pipeline - INFO - Copied test.csv to /home/angel/Documents/personal/proyectos/github/proyecto-1/data/raw
2026-07-25 20:05:12,267 - src.data_pipeline - INFO - Copied train.csv to /home/angel/Documents/personal/proyectos/github/proyecto-1/data/raw
2026-07-25 20:05:12,267 - src.pipeline - INFO - 
Stage 2: Data Loading & Validation
2026-07-25 20:05:12,267 - src.pipeline - INFO - --------------------------------------------------
2026-07-25 20:05:12,267 - src.data_pipeline - INFO - Loading raw data...
2026-07-25 20:05:12,271 - src.data_pipeline - INFO - Train shape: (891, 12)
2026-07-25 20:05:12,271 - src.data_pipeline - INFO - Test shape: (418, 11)
2026-07-25 20:05:12,271 - src.data_pipeline - INFO - Validating data...
2026-07-25 20:05:12,272 - src.data_pipeline - INFO - ✅ Data validation passed
2026-07-25 20:05:12,272 - src.pipeline - INFO - 
Stage 3: Data Preprocessing
2026-07-25 20:05:12,272 - src.pipeline - INFO - --------------------------------------------------
2026-07-25 20:05:12,272 - src.preprocessing_pipeline - INFO - ==================================================
2026-07-25 20:05:12,272 - src.preprocessing_pipeline - INFO - Starting Preprocessing Pipeline
2026-07-25 20:05:12,272 - src.preprocessing_pipeline - INFO - ==================================================
2026-07-25 20:05:12,279 - src.preprocessing_pipeline - INFO - Handling missing values...
2026-07-25 20:05:12,279 - src.preprocessing_pipeline - INFO - Missing values:
shape: (1, 9)
┌──────────┬────────┬─────┬─────┬───┬───────┬──────┬───────┬──────────┐
│ Survived ┆ Pclass ┆ Sex ┆ Age ┆ … ┆ Parch ┆ Fare ┆ Cabin ┆ Embarked │
│ ---      ┆ ---    ┆ --- ┆ --- ┆   ┆ ---   ┆ ---  ┆ ---   ┆ ---      │
│ u32      ┆ u32    ┆ u32 ┆ u32 ┆   ┆ u32   ┆ u32  ┆ u32   ┆ u32      │
╞══════════╪════════╪═════╪═════╪═══╪═══════╪══════╪═══════╪══════════╡
│ 0        ┆ 0      ┆ 0   ┆ 177 ┆ … ┆ 0     ┆ 0    ┆ 687   ┆ 2        │
└──────────┴────────┴─────┴─────┴───┴───────┴──────┴───────┴──────────┘
2026-07-25 20:05:12,281 - src.preprocessing_pipeline - INFO - ✅ Missing values handled
2026-07-25 20:05:12,281 - src.preprocessing_pipeline - INFO - Handling missing values...
2026-07-25 20:05:12,281 - src.preprocessing_pipeline - INFO - Missing values:
shape: (1, 8)
┌────────┬─────┬─────┬───────┬───────┬──────┬───────┬──────────┐
│ Pclass ┆ Sex ┆ Age ┆ SibSp ┆ Parch ┆ Fare ┆ Cabin ┆ Embarked │
│ ---    ┆ --- ┆ --- ┆ ---   ┆ ---   ┆ ---  ┆ ---   ┆ ---      │
│ u32    ┆ u32 ┆ u32 ┆ u32   ┆ u32   ┆ u32  ┆ u32   ┆ u32      │
╞════════╪═════╪═════╪═══════╪═══════╪══════╪═══════╪══════════╡
│ 0      ┆ 0   ┆ 86  ┆ 0     ┆ 0     ┆ 1    ┆ 327   ┆ 0        │
└────────┴─────┴─────┴───────┴───────┴──────┴───────┴──────────┘
2026-07-25 20:05:12,282 - src.preprocessing_pipeline - INFO - ✅ Missing values handled
2026-07-25 20:05:12,285 - src.preprocessing_pipeline - INFO - Encoding categorical features...
2026-07-25 20:05:12,290 - src.preprocessing_pipeline - INFO - ✅ Categorical features encoded
2026-07-25 20:05:12,290 - src.preprocessing_pipeline - INFO - Scaling features...
2026-07-25 20:05:12,305 - src.preprocessing_pipeline - INFO - ✅ Features scaled
2026-07-25 20:05:12,305 - src.preprocessing_pipeline - INFO - ==================================================
2026-07-25 20:05:12,305 - src.preprocessing_pipeline - INFO - ✅ Preprocessing Pipeline Complete
2026-07-25 20:05:12,305 - src.preprocessing_pipeline - INFO - ==================================================
2026-07-25 20:05:12,306 - src.pipeline - INFO - 
Stage 4: Model Training & Evaluation
2026-07-25 20:05:12,306 - src.pipeline - INFO - --------------------------------------------------
2026-07-25 20:05:12,306 - src.model_pipeline - INFO - ==================================================
2026-07-25 20:05:12,306 - src.model_pipeline - INFO - Starting Model Pipeline
2026-07-25 20:05:12,306 - src.model_pipeline - INFO - ==================================================
2026-07-25 20:05:12,355 - src.model_pipeline - INFO - Building models...
2026-07-25 20:05:12,355 - src.model_pipeline - INFO - ✅ Built 3 models
2026-07-25 20:05:12,355 - src.model_pipeline - INFO - 
Training logistic_regression...
2026-07-25 20:05:12,375 - src.model_pipeline - INFO - 
logistic_regression Results:
2026-07-25 20:05:12,375 - src.model_pipeline - INFO -   Accuracy:  0.8293
2026-07-25 20:05:12,375 - src.model_pipeline - INFO -   Precision: 0.7759
2026-07-25 20:05:12,375 - src.model_pipeline - INFO -   Recall:    0.7500
2026-07-25 20:05:12,375 - src.model_pipeline - INFO -   F1 Score:  0.7627
2026-07-25 20:05:12,429 - src.model_pipeline - INFO -   CV Mean: 0.7774 (+/- 0.0287)
2026-07-25 20:05:12,429 - src.model_pipeline - INFO - 
Training random_forest...
2026-07-25 20:05:12,664 - src.model_pipeline - INFO - 
random_forest Results:
2026-07-25 20:05:12,664 - src.model_pipeline - INFO -   Accuracy:  0.8293
2026-07-25 20:05:12,664 - src.model_pipeline - INFO -   Precision: 0.7857
2026-07-25 20:05:12,664 - src.model_pipeline - INFO -   Recall:    0.7333
2026-07-25 20:05:12,664 - src.model_pipeline - INFO -   F1 Score:  0.7586
2026-07-25 20:05:13,661 - src.model_pipeline - INFO -   CV Mean: 0.8017 (+/- 0.0511)
2026-07-25 20:05:13,661 - src.model_pipeline - INFO - 
Training xgboost...
2026-07-25 20:05:13,829 - src.model_pipeline - INFO - 
xgboost Results:
2026-07-25 20:05:13,829 - src.model_pipeline - INFO -   Accuracy:  0.8293
2026-07-25 20:05:13,829 - src.model_pipeline - INFO -   Precision: 0.7857
2026-07-25 20:05:13,829 - src.model_pipeline - INFO -   Recall:    0.7333
2026-07-25 20:05:13,829 - src.model_pipeline - INFO -   F1 Score:  0.7586
2026-07-25 20:05:14,199 - src.model_pipeline - INFO -   CV Mean: 0.7972 (+/- 0.0489)
2026-07-25 20:05:14,199 - src.model_pipeline - INFO - 
✅ Best Model: logistic_regression (Accuracy: 0.8293)
2026-07-25 20:05:14,199 - src.model_pipeline - INFO - ==================================================
2026-07-25 20:05:14,199 - src.model_pipeline - INFO - ✅ Model Pipeline Complete
2026-07-25 20:05:14,199 - src.model_pipeline - INFO - ==================================================
2026-07-25 20:05:14,199 - src.pipeline - INFO - 
Stage 5: Saving Results
2026-07-25 20:05:14,199 - src.pipeline - INFO - --------------------------------------------------
2026-07-25 20:05:14,216 - src.data_pipeline - INFO - Saved processed data to /home/angel/Documents/personal/proyectos/github/proyecto-1/data/processed
2026-07-25 20:05:14,216 - src.pipeline - INFO - Model saved: /home/angel/Documents/personal/proyectos/github/proyecto-1/models/logistic_regression.pkl
2026-07-25 20:05:14,216 - src.pipeline - INFO - Metrics saved: /home/angel/Documents/personal/proyectos/github/proyecto-1/logs/metrics.json
2026-07-25 20:05:14,216 - src.pipeline - INFO - 

2026-07-25 20:05:14,216 - src.pipeline - INFO - ✅✅✅✅✅✅✅✅✅✅✅✅✅✅✅✅✅✅✅✅✅✅✅✅✅
2026-07-25 20:05:14,216 - src.pipeline - INFO - PIPELINE COMPLETED SUCCESSFULLY
2026-07-25 20:05:14,216 - src.pipeline - INFO - ✅✅✅✅✅✅✅✅✅✅✅✅✅✅✅✅✅✅✅✅✅✅✅✅✅
2026-07-25 20:05:14,217 - src.pipeline - INFO - 

2026-07-26 03:43:36,898 - src.pipeline - INFO - 

2026-07-26 03:43:36,898 - src.pipeline - INFO - 🚀🚀🚀🚀🚀🚀🚀🚀🚀🚀🚀🚀🚀🚀🚀🚀🚀🚀🚀🚀🚀🚀🚀🚀🚀
2026-07-26 03:43:36,898 - src.pipeline - INFO - STARTING TITANIC ML PIPELINE
2026-07-26 03:43:36,898 - src.pipeline - INFO - 🚀🚀🚀🚀🚀🚀🚀🚀🚀🚀🚀🚀🚀🚀🚀🚀🚀🚀🚀🚀🚀🚀🚀🚀🚀
2026-07-26 03:43:36,898 - src.pipeline - INFO - 

2026-07-26 03:43:36,898 - src.pipeline - INFO - Stage 1: Data Download
2026-07-26 03:43:36,898 - src.pipeline - INFO - --------------------------------------------------
2026-07-26 03:43:36,898 - src.data_pipeline - INFO - Downloading titanic competition data...
2026-07-26 03:43:37,535 - src.data_pipeline - INFO - ✅ Download complete at: /home/runner/.cache/kagglehub/competitions/titanic
2026-07-26 03:43:37,536 - src.data_pipeline - INFO - Copied gender_submission.csv to /home/runner/work/proyecto-1/proyecto-1/data/raw
2026-07-26 03:43:37,536 - src.data_pipeline - INFO - Copied test.csv to /home/runner/work/proyecto-1/proyecto-1/data/raw
2026-07-26 03:43:37,536 - src.data_pipeline - INFO - Copied train.csv to /home/runner/work/proyecto-1/proyecto-1/data/raw
2026-07-26 03:43:37,536 - src.pipeline - INFO - 
Stage 2: Data Loading & Validation
2026-07-26 03:43:37,536 - src.pipeline - INFO - --------------------------------------------------
2026-07-26 03:43:37,536 - src.data_pipeline - INFO - Loading raw data...
2026-07-26 03:43:37,540 - src.data_pipeline - INFO - Train shape: (891, 12)
2026-07-26 03:43:37,540 - src.data_pipeline - INFO - Test shape: (418, 11)
2026-07-26 03:43:37,540 - src.data_pipeline - INFO - Validating data...
2026-07-26 03:43:37,541 - src.data_pipeline - INFO - ✅ Data validation passed
2026-07-26 03:43:37,541 - src.pipeline - INFO - 
Stage 3: Data Preprocessing
2026-07-26 03:43:37,541 - src.pipeline - INFO - --------------------------------------------------
2026-07-26 03:43:37,541 - src.preprocessing_pipeline - INFO - ==================================================
2026-07-26 03:43:37,541 - src.preprocessing_pipeline - INFO - Starting Preprocessing Pipeline
2026-07-26 03:43:37,541 - src.preprocessing_pipeline - INFO - ==================================================
2026-07-26 03:43:37,544 - src.preprocessing_pipeline - INFO - Handling missing values...
2026-07-26 03:43:37,544 - src.preprocessing_pipeline - INFO - Missing values:
shape: (1, 9)
┌──────────┬────────┬─────┬─────┬───┬───────┬──────┬───────┬──────────┐
│ Survived ┆ Pclass ┆ Sex ┆ Age ┆ … ┆ Parch ┆ Fare ┆ Cabin ┆ Embarked │
│ ---      ┆ ---    ┆ --- ┆ --- ┆   ┆ ---   ┆ ---  ┆ ---   ┆ ---      │
│ u32      ┆ u32    ┆ u32 ┆ u32 ┆   ┆ u32   ┆ u32  ┆ u32   ┆ u32      │
╞══════════╪════════╪═════╪═════╪═══╪═══════╪══════╪═══════╪══════════╡
│ 0        ┆ 0      ┆ 0   ┆ 177 ┆ … ┆ 0     ┆ 0    ┆ 687   ┆ 2        │
└──────────┴────────┴─────┴─────┴───┴───────┴──────┴───────┴──────────┘
2026-07-26 03:43:37,546 - src.preprocessing_pipeline - INFO - ✅ Missing values handled
2026-07-26 03:43:37,546 - src.preprocessing_pipeline - INFO - Handling missing values...
2026-07-26 03:43:37,546 - src.preprocessing_pipeline - INFO - Missing values:
shape: (1, 8)
┌────────┬─────┬─────┬───────┬───────┬──────┬───────┬──────────┐
│ Pclass ┆ Sex ┆ Age ┆ SibSp ┆ Parch ┆ Fare ┆ Cabin ┆ Embarked │
│ ---    ┆ --- ┆ --- ┆ ---   ┆ ---   ┆ ---  ┆ ---   ┆ ---      │
│ u32    ┆ u32 ┆ u32 ┆ u32   ┆ u32   ┆ u32  ┆ u32   ┆ u32      │
╞════════╪═════╪═════╪═══════╪═══════╪══════╪═══════╪══════════╡
│ 0      ┆ 0   ┆ 86  ┆ 0     ┆ 0     ┆ 1    ┆ 327   ┆ 0        │
└────────┴─────┴─────┴───────┴───────┴──────┴───────┴──────────┘
2026-07-26 03:43:37,548 - src.preprocessing_pipeline - INFO - ✅ Missing values handled
2026-07-26 03:43:37,549 - src.preprocessing_pipeline - INFO - Encoding categorical features...
2026-07-26 03:43:37,552 - src.preprocessing_pipeline - INFO - ✅ Categorical features encoded
2026-07-26 03:43:37,552 - src.preprocessing_pipeline - INFO - Scaling features...
2026-07-26 03:43:37,559 - src.preprocessing_pipeline - INFO - ✅ Features scaled
2026-07-26 03:43:37,559 - src.preprocessing_pipeline - INFO - ==================================================
2026-07-26 03:43:37,559 - src.preprocessing_pipeline - INFO - ✅ Preprocessing Pipeline Complete
2026-07-26 03:43:37,559 - src.preprocessing_pipeline - INFO - ==================================================
2026-07-26 03:43:37,559 - src.pipeline - INFO - 
Stage 4: Model Training & Evaluation
2026-07-26 03:43:37,559 - src.pipeline - INFO - --------------------------------------------------
2026-07-26 03:43:37,559 - src.model_pipeline - INFO - ==================================================
2026-07-26 03:43:37,559 - src.model_pipeline - INFO - Starting Model Pipeline
2026-07-26 03:43:37,559 - src.model_pipeline - INFO - ==================================================
2026-07-26 03:43:37,587 - src.model_pipeline - INFO - Building models...
2026-07-26 03:43:37,587 - src.model_pipeline - INFO - ✅ Built 3 models
2026-07-26 03:43:37,587 - src.model_pipeline - INFO - 
Training logistic_regression...
2026-07-26 03:43:37,602 - src.model_pipeline - INFO - 
logistic_regression Results:
2026-07-26 03:43:37,603 - src.model_pipeline - INFO -   Accuracy:  0.8293
2026-07-26 03:43:37,603 - src.model_pipeline - INFO -   Precision: 0.7759
2026-07-26 03:43:37,603 - src.model_pipeline - INFO -   Recall:    0.7500
2026-07-26 03:43:37,603 - src.model_pipeline - INFO -   F1 Score:  0.7627
2026-07-26 03:43:37,630 - src.model_pipeline - INFO -   CV Mean: 0.7774 (+/- 0.0287)
2026-07-26 03:43:37,630 - src.model_pipeline - INFO - 
Training random_forest...
2026-07-26 03:43:37,784 - src.model_pipeline - INFO - 
random_forest Results:
2026-07-26 03:43:37,784 - src.model_pipeline - INFO -   Accuracy:  0.8232
2026-07-26 03:43:37,784 - src.model_pipeline - INFO -   Precision: 0.7818
2026-07-26 03:43:37,784 - src.model_pipeline - INFO -   Recall:    0.7167
2026-07-26 03:43:37,784 - src.model_pipeline - INFO -   F1 Score:  0.7478
2026-07-26 03:43:38,340 - src.model_pipeline - INFO -   CV Mean: 0.8078 (+/- 0.0543)
2026-07-26 03:43:38,340 - src.model_pipeline - INFO - 
Training xgboost...
2026-07-26 03:43:38,378 - src.model_pipeline - INFO - 
xgboost Results:
2026-07-26 03:43:38,378 - src.model_pipeline - INFO -   Accuracy:  0.8293
2026-07-26 03:43:38,378 - src.model_pipeline - INFO -   Precision: 0.7857
2026-07-26 03:43:38,378 - src.model_pipeline - INFO -   Recall:    0.7333
2026-07-26 03:43:38,378 - src.model_pipeline - INFO -   F1 Score:  0.7586
2026-07-26 03:43:38,520 - src.model_pipeline - INFO -   CV Mean: 0.7972 (+/- 0.0489)
2026-07-26 03:43:38,520 - src.model_pipeline - INFO - 
✅ Best Model: logistic_regression (Accuracy: 0.8293)
2026-07-26 03:43:38,520 - src.model_pipeline - INFO - ==================================================
2026-07-26 03:43:38,520 - src.model_pipeline - INFO - ✅ Model Pipeline Complete
2026-07-26 03:43:38,520 - src.model_pipeline - INFO - ==================================================
2026-07-26 03:43:38,520 - src.pipeline - INFO - 
Stage 5: Saving Results
2026-07-26 03:43:38,520 - src.pipeline - INFO - --------------------------------------------------
2026-07-26 03:43:38,586 - src.data_pipeline - INFO - Saved processed data to /home/runner/work/proyecto-1/proyecto-1/data/processed
2026-07-26 03:43:38,587 - src.pipeline - INFO - Model saved: /home/runner/work/proyecto-1/proyecto-1/models/logistic_regression.pkl
2026-07-26 03:43:38,587 - src.pipeline - INFO - Metrics saved: /home/runner/work/proyecto-1/proyecto-1/logs/metrics.json
2026-07-26 03:43:38,587 - src.pipeline - INFO - 

2026-07-26 03:43:38,587 - src.pipeline - INFO - ✅✅✅✅✅✅✅✅✅✅✅✅✅✅✅✅✅✅✅✅✅✅✅✅✅
2026-07-26 03:43:38,587 - src.pipeline - INFO - PIPELINE COMPLETED SUCCESSFULLY
2026-07-26 03:43:38,587 - src.pipeline - INFO - ✅✅✅✅✅✅✅✅✅✅✅✅✅✅✅✅✅✅✅✅✅✅✅✅✅
2026-07-26 03:43:38,587 - src.pipeline - INFO - 

2026-07-26 05:20:04,511 - src.pipeline - INFO - 

2026-07-26 05:20:04,511 - src.pipeline - INFO - 🚀🚀🚀🚀🚀🚀🚀🚀🚀🚀🚀🚀🚀🚀🚀🚀🚀🚀🚀🚀🚀🚀🚀🚀🚀
2026-07-26 05:20:04,512 - src.pipeline - INFO - STARTING TITANIC ML PIPELINE
2026-07-26 05:20:04,512 - src.pipeline - INFO - 🚀🚀🚀🚀🚀🚀🚀🚀🚀🚀🚀🚀🚀🚀🚀🚀🚀🚀🚀🚀🚀🚀🚀🚀🚀
2026-07-26 05:20:04,512 - src.pipeline - INFO - 

2026-07-26 05:20:04,512 - src.pipeline - INFO - Stage 1: Data Download
2026-07-26 05:20:04,512 - src.pipeline - INFO - --------------------------------------------------
2026-07-26 05:20:04,512 - src.data_pipeline - INFO - Downloading titanic competition data...
2026-07-26 05:20:05,137 - src.data_pipeline - INFO - ✅ Download complete at: /home/runner/.cache/kagglehub/competitions/titanic
2026-07-26 05:20:05,137 - src.data_pipeline - INFO - Copied gender_submission.csv to /home/runner/work/proyecto-1/proyecto-1/data/raw
2026-07-26 05:20:05,138 - src.data_pipeline - INFO - Copied test.csv to /home/runner/work/proyecto-1/proyecto-1/data/raw
2026-07-26 05:20:05,138 - src.data_pipeline - INFO - Copied train.csv to /home/runner/work/proyecto-1/proyecto-1/data/raw
2026-07-26 05:20:05,138 - src.pipeline - INFO - 
Stage 2: Data Loading & Validation
2026-07-26 05:20:05,138 - src.pipeline - INFO - --------------------------------------------------
2026-07-26 05:20:05,138 - src.data_pipeline - INFO - Loading raw data...
2026-07-26 05:20:05,141 - src.data_pipeline - INFO - Train shape: (891, 12)
2026-07-26 05:20:05,141 - src.data_pipeline - INFO - Test shape: (418, 11)
2026-07-26 05:20:05,141 - src.data_pipeline - INFO - Validating data...
2026-07-26 05:20:05,142 - src.data_pipeline - INFO - ✅ Data validation passed
2026-07-26 05:20:05,142 - src.pipeline - INFO - 
Stage 3: Data Preprocessing
2026-07-26 05:20:05,142 - src.pipeline - INFO - --------------------------------------------------
2026-07-26 05:20:05,142 - src.preprocessing_pipeline - INFO - ==================================================
2026-07-26 05:20:05,142 - src.preprocessing_pipeline - INFO - Starting Preprocessing Pipeline
2026-07-26 05:20:05,142 - src.preprocessing_pipeline - INFO - ==================================================
2026-07-26 05:20:05,147 - src.preprocessing_pipeline - INFO - Handling missing values...
2026-07-26 05:20:05,147 - src.preprocessing_pipeline - INFO - Missing values:
shape: (1, 9)
┌──────────┬────────┬─────┬─────┬───┬───────┬──────┬───────┬──────────┐
│ Survived ┆ Pclass ┆ Sex ┆ Age ┆ … ┆ Parch ┆ Fare ┆ Cabin ┆ Embarked │
│ ---      ┆ ---    ┆ --- ┆ --- ┆   ┆ ---   ┆ ---  ┆ ---   ┆ ---      │
│ u32      ┆ u32    ┆ u32 ┆ u32 ┆   ┆ u32   ┆ u32  ┆ u32   ┆ u32      │
╞══════════╪════════╪═════╪═════╪═══╪═══════╪══════╪═══════╪══════════╡
│ 0        ┆ 0      ┆ 0   ┆ 177 ┆ … ┆ 0     ┆ 0    ┆ 687   ┆ 2        │
└──────────┴────────┴─────┴─────┴───┴───────┴──────┴───────┴──────────┘
2026-07-26 05:20:05,149 - src.preprocessing_pipeline - INFO - ✅ Missing values handled
2026-07-26 05:20:05,149 - src.preprocessing_pipeline - INFO - Handling missing values...
2026-07-26 05:20:05,149 - src.preprocessing_pipeline - INFO - Missing values:
shape: (1, 8)
┌────────┬─────┬─────┬───────┬───────┬──────┬───────┬──────────┐
│ Pclass ┆ Sex ┆ Age ┆ SibSp ┆ Parch ┆ Fare ┆ Cabin ┆ Embarked │
│ ---    ┆ --- ┆ --- ┆ ---   ┆ ---   ┆ ---  ┆ ---   ┆ ---      │
│ u32    ┆ u32 ┆ u32 ┆ u32   ┆ u32   ┆ u32  ┆ u32   ┆ u32      │
╞════════╪═════╪═════╪═══════╪═══════╪══════╪═══════╪══════════╡
│ 0      ┆ 0   ┆ 86  ┆ 0     ┆ 0     ┆ 1    ┆ 327   ┆ 0        │
└────────┴─────┴─────┴───────┴───────┴──────┴───────┴──────────┘
2026-07-26 05:20:05,150 - src.preprocessing_pipeline - INFO - ✅ Missing values handled
2026-07-26 05:20:05,152 - src.preprocessing_pipeline - INFO - Encoding categorical features...
2026-07-26 05:20:05,155 - src.preprocessing_pipeline - INFO - ✅ Categorical features encoded
2026-07-26 05:20:05,155 - src.preprocessing_pipeline - INFO - Scaling features...
2026-07-26 05:20:05,164 - src.preprocessing_pipeline - INFO - ✅ Features scaled
2026-07-26 05:20:05,164 - src.preprocessing_pipeline - INFO - ==================================================
2026-07-26 05:20:05,164 - src.preprocessing_pipeline - INFO - ✅ Preprocessing Pipeline Complete
2026-07-26 05:20:05,164 - src.preprocessing_pipeline - INFO - ==================================================
2026-07-26 05:20:05,164 - src.pipeline - INFO - 
Stage 4: Model Training & Evaluation
2026-07-26 05:20:05,164 - src.pipeline - INFO - --------------------------------------------------
2026-07-26 05:20:05,164 - src.model_pipeline - INFO - ==================================================
2026-07-26 05:20:05,164 - src.model_pipeline - INFO - Starting Model Pipeline
2026-07-26 05:20:05,164 - src.model_pipeline - INFO - ==================================================
2026-07-26 05:20:05,193 - src.model_pipeline - INFO - Building models...
2026-07-26 05:20:05,194 - src.model_pipeline - INFO - ✅ Built 3 models
2026-07-26 05:20:05,194 - src.model_pipeline - INFO - 
Training logistic_regression...
2026-07-26 05:20:05,209 - src.model_pipeline - INFO - 
logistic_regression Results:
2026-07-26 05:20:05,209 - src.model_pipeline - INFO -   Accuracy:  0.8293
2026-07-26 05:20:05,209 - src.model_pipeline - INFO -   Precision: 0.7759
2026-07-26 05:20:05,209 - src.model_pipeline - INFO -   Recall:    0.7500
2026-07-26 05:20:05,209 - src.model_pipeline - INFO -   F1 Score:  0.7627
2026-07-26 05:20:05,242 - src.model_pipeline - INFO -   CV Mean: 0.7774 (+/- 0.0287)
2026-07-26 05:20:05,242 - src.model_pipeline - INFO - 
Training random_forest...
2026-07-26 05:20:05,423 - src.model_pipeline - INFO - 
random_forest Results:
2026-07-26 05:20:05,423 - src.model_pipeline - INFO -   Accuracy:  0.8293
2026-07-26 05:20:05,423 - src.model_pipeline - INFO -   Precision: 0.7963
2026-07-26 05:20:05,423 - src.model_pipeline - INFO -   Recall:    0.7167
2026-07-26 05:20:05,424 - src.model_pipeline - INFO -   F1 Score:  0.7544
2026-07-26 05:20:06,115 - src.model_pipeline - INFO -   CV Mean: 0.8048 (+/- 0.0506)
2026-07-26 05:20:06,115 - src.model_pipeline - INFO - 
Training xgboost...
2026-07-26 05:20:06,161 - src.model_pipeline - INFO - 
xgboost Results:
2026-07-26 05:20:06,162 - src.model_pipeline - INFO -   Accuracy:  0.8293
2026-07-26 05:20:06,162 - src.model_pipeline - INFO -   Precision: 0.7857
2026-07-26 05:20:06,162 - src.model_pipeline - INFO -   Recall:    0.7333
2026-07-26 05:20:06,162 - src.model_pipeline - INFO -   F1 Score:  0.7586
2026-07-26 05:20:06,309 - src.model_pipeline - INFO -   CV Mean: 0.7972 (+/- 0.0489)
2026-07-26 05:20:06,309 - src.model_pipeline - INFO - 
✅ Best Model: logistic_regression (Accuracy: 0.8293)
2026-07-26 05:20:06,309 - src.model_pipeline - INFO - ==================================================
2026-07-26 05:20:06,309 - src.model_pipeline - INFO - ✅ Model Pipeline Complete
2026-07-26 05:20:06,309 - src.model_pipeline - INFO - ==================================================
2026-07-26 05:20:06,310 - src.pipeline - INFO - 
Stage 5: Saving Results
2026-07-26 05:20:06,310 - src.pipeline - INFO - --------------------------------------------------
2026-07-26 05:20:06,318 - src.data_pipeline - INFO - Saved processed data to /home/runner/work/proyecto-1/proyecto-1/data/processed
2026-07-26 05:20:06,319 - src.pipeline - INFO - Model saved: /home/runner/work/proyecto-1/proyecto-1/models/logistic_regression.pkl
2026-07-26 05:20:06,319 - src.pipeline - INFO - Metrics saved: /home/runner/work/proyecto-1/proyecto-1/logs/metrics.json
2026-07-26 05:20:06,319 - src.pipeline - INFO - 

2026-07-26 05:20:06,319 - src.pipeline - INFO - ✅✅✅✅✅✅✅✅✅✅✅✅✅✅✅✅✅✅✅✅✅✅✅✅✅
2026-07-26 05:20:06,319 - src.pipeline - INFO - PIPELINE COMPLETED SUCCESSFULLY
2026-07-26 05:20:06,319 - src.pipeline - INFO - ✅✅✅✅✅✅✅✅✅✅✅✅✅✅✅✅✅✅✅✅✅✅✅✅✅
2026-07-26 05:20:06,319 - src.pipeline - INFO - 

